Traceback (most recent call last):
  File "D:\Users\phgut\OneDrive\Documentos\patient-registration-system\test_fixes.py", line 161, in <module>
    success = main()
              ^^^^^^
  File "D:\Users\phgut\OneDrive\Documentos\patient-registration-system\test_fixes.py", line 134, in main
    print("\U0001fa7a Patient Registration System - Fix Verification")
  File "C:\Users\phgut\AppData\Local\Programs\Python\Python311\Lib\encodings\cp1252.py", line 19, in encode
    return codecs.charmap_encode(input,self.errors,encoding_table)[0]
           ^^^^^^^^^^^^^^^^^^^^^^^^^^^^^^^^^^^^^^^^^^^^^^^^^^^^^^^
UnicodeEncodeError: 'charmap' codec can't encode character '\U0001fa7a' in position 0: character maps to <undefined>
